HSRP Configuration

!! R1

Router>en
Router#conf t
Enter configuration commands, one per line.  End with CNTL/Z.
Router(config)#hos r!
r!(config)#hos R1
R1(config)#in g0/0
R1(config-if)#ip add 10.0.0.2
% Incomplete command.
R1(config-if)#ip add 10.0.0.2 255.0.0.0
R1(config-if)#
R1(config-if)#no sh

R1(config-if)#
%LINK-5-CHANGED: Interface GigabitEthernet0/0, changed state to up

%LINEPROTO-5-UPDOWN: Line protocol on Interface GigabitEthernet0/0, changed state to up

R1(config-if)#in g0/0
R1(config-if)#standby ?
  <0-4095>  group number
  ip        Enable HSRP and set the virtual IP address
  ipv6      Enable HSRP IPv6
  preempt   Overthrow lower priority Active routers
  priority  Priority level
  timers    Hello and hold timers
  track     Priority Tracking
  version   HSRP version
R1(config-if)#standby 1 ?
  ip        Enable HSRP and set the virtual IP address
  ipv6      Enable HSRP IPv6
  preempt   Overthrow lower priority Active routers
  priority  Priority level
  timers    Hello and hold timers
  track     Priority Tracking
R1(config-if)#standby 1 ip ?
  A.B.C.D  Virtual IP address
  <cr>
R1(config-if)#standby 1 ip 10.0.0.1 ?
  <cr>
R1(config-if)#standby 1 ip 10.0.0.1 
R1(config-if)#
%HSRP-6-STATECHANGE: GigabitEthernet0/0 Grp 1 state Speak -> Standby

%HSRP-6-STATECHANGE: GigabitEthernet0/0 Grp 1 state Standby -> Active

R1(config-if)#sh

R1(config-if)#
 %HSRP-6-STATECHANGE: GigabitEthernet0/0 Grp 1 state Active -> Init

%LINK-5-CHANGED: Interface GigabitEthernet0/0, changed state to administratively down

%LINEPROTO-5-UPDOWN: Line protocol on Interface GigabitEthernet0/0, changed state to down

R1(config-if)#exit
R1(config)#do sh stan
R1(config)#do sh stan
GigabitEthernet0/0 - Group 1
  State is Init (interface down)
  Virtual IP address is 10.0.0.1
  Active virtual MAC address is 0000.0C07.AC01
    Local virtual MAC address is 0000.0C07.AC01 (v1 default)
  Hello time 3 sec, hold time 10 sec
    Next hello sent in 1.180 secs
  Preemption disabled
  Active router is unknown
  Standby router is unknown
  Priority 100 (default 100)
  Group name is hsrp-Gig0/0-1 (default)
R1(config)#in g0/0
R1(config-if)#no sh

R1(config-if)#
%LINK-5-CHANGED: Interface GigabitEthernet0/0, changed state to up

%LINEPROTO-5-UPDOWN: Line protocol on Interface GigabitEthernet0/0, changed state to up

R1(config-if)#do sh stan
GigabitEthernet0/0 - Group 1
  State is Speak
    9 state changes, last state change 00:10:57
  Virtual IP address is 10.0.0.1
  Active virtual MAC address is 0000.0C07.AC01
    Local virtual MAC address is 0000.0C07.AC01 (v1 default)
  Hello time 3 sec, hold time 10 sec
    Next hello sent in 1.180 secs
  Preemption disabled
  Active router is unknown
  Standby router is unknown
  Priority 100 (default 100)
  Group name is hsrp-Gig0/0-1 (default)
R1(config-if)#do sh stan
%HSRP-6-STATECHANGE: GigabitEthernet0/0 Grp 1 state Speak -> Standby

%HSRP-6-STATECHANGE: GigabitEthernet0/0 Grp 1 state Standby 
%HSRP-6-STATECHANGE: GigabitEthernet0/0 Grp 1 state Speak -> Standby

R1(config-if)#do sh stan
GigabitEthernet0/0 - Group 1
  State is Standby
    14 state changes, last state change 00:11:28
  Virtual IP address is 10.0.0.1
  Active virtual MAC address is 0000.0C07.AC01
    Local virtual MAC address is 0000.0C07.AC01 (v1 default)
  Hello time 3 sec, hold time 10 sec
    Next hello sent in 1.122 secs
  Preemption disabled
  Active router is 10.0.0.3, priority 100 (expires in 7 sec)
    MAC address is 0000.0C07.AC01
  Standby router is local
  Priority 100 (default 100)
  Group name is hsrp-Gig0/0-1 (default)
R1(config-if)#


!! R2

Router>en
Router#conf t
Enter configuration commands, one per line.  End with CNTL/Z.
Router(config)#hos R2
R2(config)#in g0/0
R2(config-if)#ip add 10.0.0.3 255.0.0.0
R2(config-if)#no sh

R2(config-if)#
%LINK-5-CHANGED: Interface GigabitEthernet0/0, changed state to up

%LINEPROTO-5-UPDOWN: Line protocol on Interface GigabitEthernet0/0, changed state to up

R2(config-if)#in g0/0
R2(config-if)#standby 1 ip 10.0.0.1
R2(config-if)#
R2(config-if)#exit
R2(config)#
%HSRP-6-STATECHANGE: GigabitEthernet0/0 Grp 1 state Speak -> Standby

R2(config)#do sh stan
R2(config)#do sh stan
GigabitEthernet0/0 - Group 1
  State is Standby
    4 state changes, last state change 00:09:22
  Virtual IP address is 10.0.0.1
  Active virtual MAC address is 0000.0C07.AC01
    Local virtual MAC address is 0000.0C07.AC01 (v1 default)
  Hello time 3 sec, hold time 10 sec
    Next hello sent in 2.767 secs
  Preemption disabled
  Active router is 10.0.0.2
  Standby router is local
  Priority 100 (default 100)
  Group name is hsrp-Gig0/0-1 (default)
R2(config)#
%HSRP-6-STATECHANGE: GigabitEthernet0/0 Grp 1 state Standby -> Active

R2(config)#do sh stan
GigabitEthernet0/0 - Group 1
  State is Active
    5 state changes, last state change 00:10:04
  Virtual IP address is 10.0.0.1
  Active virtual MAC address is 0000.0C07.AC01
    Local virtual MAC address is 0000.0C07.AC01 (v1 default)
  Hello time 3 sec, hold time 10 sec
    Next hello sent in 1.182 secs
  Preemption disabled
  Active router is local
  Standby router is unknown
  Priority 100 (default 100)
  Group name is hsrp-Gig0/0-1 (default)
R2(config)#
R2(config)#do sh stan
GigabitEthernet0/0 - Group 1
  State is Active
    5 state changes, last state change 00:10:04
  Virtual IP address is 10.0.0.1
  Active virtual MAC address is 0000.0C07.AC01
    Local virtual MAC address is 0000.0C07.AC01 (v1 default)
  Hello time 3 sec, hold time 10 sec
    Next hello sent in 2.329 secs
  Preemption disabled
  Active router is local
  Standby router is 10.0.0.2
  Priority 100 (default 100)
  Group name is hsrp-Gig0/0-1 (default)
R2(config)#